============================================================
  PRUEBAS FINALES API COTIZAPP
  Usuario: Administrador de Empresa
============================================================

1. Login con admin de empresa...
   [OK] Login exitoso

2. Crear producto (empresa asignada automaticamente)...
   [OK] Producto creado (ID: 2)
   Empresa: Empresa Demo

3. Crear cliente (empresa asignada automaticamente)...
   [ERROR] 400: {"empresa":["Este campo es requerido."]}

4. Crear cotizacion (campos asignados automaticamente)...
   [ERROR] 400: {"cliente":["Este campo no puede ser nulo."]}

6. Listar recursos...
   [OK] Productos: 2 items
   [OK] Clientes: 0 items
   [OK] Cotizaciones: 0 items

7. Buscar producto...
   [OK] Encontrados: 2 productos

8. Filtrar cotizaciones por estado...
   [OK] Cotizaciones en borrador: 0

============================================================
  PRUEBAS COMPLETADAS
============================================================

[EXITO] Todas las funcionalidades principales funcionan correctamente!

Credenciales de prueba:
  Email: admin@empresademo.cl
  Password: demo123

Swagger UI: http://localhost:8000/api/docs/
